Wed Jul 22 2026 18:1:34 - [[32minfo[39m]: Client disconnected: bT1ammDD6oJA6KCbAAAN
Wed Jul 22 2026 18:1:34 - [[32minfo[39m]: New client connected: xHbMXNV7jmVFgapIAAAP
Wed Jul 22 2026 18:1:34 - [[32minfo[39m]: User 6a5e0f1f24f60775e2f2a183 mapped to socket xHbMXNV7jmVFgapIAAAP
Wed Jul 22 2026 18:9:0 - [[32minfo[39m]: Client disconnected: xHbMXNV7jmVFgapIAAAP
Wed Jul 22 2026 18:9:1 - [[32minfo[39m]: New client connected: wwumXIadTr8dmLgxAAAR
Wed Jul 22 2026 18:9:1 - [[32minfo[39m]: User 6a5e0f1f24f60775e2f2a183 mapped to socket wwumXIadTr8dmLgxAAAR
Wed Jul 22 2026 18:42:46 - [[32minfo[39m]: Redis client connected successfully
Wed Jul 22 2026 18:42:46 - [[32minfo[39m]: MongoDB Connected: localhost
Wed Jul 22 2026 18:42:46 - [[32minfo[39m]: Server running in development mode on port 5050
Wed Jul 22 2026 18:42:46 - [[32minfo[39m]: Socket server is ready for connections!
Wed Jul 22 2026 18:42:46 - [[32minfo[39m]: New client connected: -T24BgADP4N9_nBbAAAB
Wed Jul 22 2026 18:42:46 - [[32minfo[39m]: User 6a5e0f1f24f60775e2f2a183 mapped to socket -T24BgADP4N9_nBbAAAB
Wed Jul 22 2026 18:42:52 - [[32minfo[39m]: Client disconnected: -T24BgADP4N9_nBbAAAB
Wed Jul 22 2026 18:42:53 - [[32minfo[39m]: New client connected: QdrtqLxZjeoELjWIAAAD
Wed Jul 22 2026 18:42:53 - [[32minfo[39m]: User 6a5e0f1f24f60775e2f2a183 mapped to socket QdrtqLxZjeoELjWIAAAD
Wed Jul 22 2026 18:43:56 - [[32minfo[39m]: Redis client connected successfully
Wed Jul 22 2026 18:43:57 - [[32minfo[39m]: MongoDB Connected: localhost
Wed Jul 22 2026 18:43:57 - [[32minfo[39m]: Server running in development mode on port 5050
Wed Jul 22 2026 18:43:57 - [[32minfo[39m]: Socket server is ready for connections!
Wed Jul 22 2026 18:44:0 - [[32minfo[39m]: New client connected: umiNdXTXJeM5v-zlAAAB
Wed Jul 22 2026 18:44:0 - [[32minfo[39m]: User 6a5e0f1f24f60775e2f2a183 mapped to socket umiNdXTXJeM5v-zlAAAB
Wed Jul 22 2026 18:44:46 - [[32minfo[39m]: Redis client connected successfully
Wed Jul 22 2026 18:44:46 - [[32minfo[39m]: MongoDB Connected: localhost
Wed Jul 22 2026 18:44:46 - [[32minfo[39m]: Server running in development mode on port 5050
Wed Jul 22 2026 18:44:46 - [[32minfo[39m]: Socket server is ready for connections!
Wed Jul 22 2026 18:44:47 - [[32minfo[39m]: New client connected: -_UP8oHTJlWWRKngAAAB
Wed Jul 22 2026 18:44:47 - [[32minfo[39m]: User 6a5e0f1f24f60775e2f2a183 mapped to socket -_UP8oHTJlWWRKngAAAB
Wed Jul 22 2026 18:44:58 - [[32minfo[39m]: Client disconnected: -_UP8oHTJlWWRKngAAAB
Wed Jul 22 2026 18:44:59 - [[32minfo[39m]: New client connected: IHMNHTJsEkpk-JPaAAAD
Wed Jul 22 2026 18:44:59 - [[32minfo[39m]: User 6a5e0f1f24f60775e2f2a183 mapped to socket IHMNHTJsEkpk-JPaAAAD
Wed Jul 22 2026 18:45:37 - [[32minfo[39m]: Client disconnected: IHMNHTJsEkpk-JPaAAAD
Wed Jul 22 2026 18:45:38 - [[32minfo[39m]: New client connected: _aXdMql1ar7QRNaCAAAF
Wed Jul 22 2026 18:45:38 - [[32minfo[39m]: User 6a5e0f1f24f60775e2f2a183 mapped to socket _aXdMql1ar7QRNaCAAAF
Wed Jul 22 2026 18:45:59 - [[32minfo[39m]: Client disconnected: _aXdMql1ar7QRNaCAAAF
Wed Jul 22 2026 18:46:0 - [[32minfo[39m]: New client connected: 00AaekFQ7FUQWRBcAAAH
Wed Jul 22 2026 18:46:0 - [[32minfo[39m]: User 6a5e0f1f24f60775e2f2a183 mapped to socket 00AaekFQ7FUQWRBcAAAH
Wed Jul 22 2026 18:52:4 - [[32minfo[39m]: Redis client connected successfully
Wed Jul 22 2026 18:52:4 - [[32minfo[39m]: MongoDB Connected: localhost
Wed Jul 22 2026 18:52:4 - [[32minfo[39m]: Server running in development mode on port 5050
Wed Jul 22 2026 18:52:4 - [[32minfo[39m]: Socket server is ready for connections!
Wed Jul 22 2026 18:52:6 - [[32minfo[39m]: New client connected: GaNoMlarYMJtxxjbAAAB
Wed Jul 22 2026 18:52:6 - [[32minfo[39m]: User 6a5e0f1f24f60775e2f2a183 mapped to socket GaNoMlarYMJtxxjbAAAB
Wed Jul 22 2026 18:52:11 - [[32minfo[39m]: Redis client connected successfully
Wed Jul 22 2026 18:52:11 - [[32minfo[39m]: MongoDB Connected: localhost
Wed Jul 22 2026 18:52:11 - [[32minfo[39m]: Server running in development mode on port 5050
Wed Jul 22 2026 18:52:11 - [[32minfo[39m]: Socket server is ready for connections!
Wed Jul 22 2026 18:52:12 - [[32minfo[39m]: New client connected: K4OTc_2aTdSlFGsgAAAB
Wed Jul 22 2026 18:52:12 - [[32minfo[39m]: User 6a5e0f1f24f60775e2f2a183 mapped to socket K4OTc_2aTdSlFGsgAAAB
Wed Jul 22 2026 18:52:24 - [[32minfo[39m]: Redis client connected successfully
Wed Jul 22 2026 18:52:25 - [[32minfo[39m]: MongoDB Connected: localhost
Wed Jul 22 2026 18:52:25 - [[32minfo[39m]: Server running in development mode on port 5050
Wed Jul 22 2026 18:52:25 - [[32minfo[39m]: Socket server is ready for connections!
Wed Jul 22 2026 18:52:27 - [[32minfo[39m]: New client connected: c2AgcansvbpdMYe6AAAB
Wed Jul 22 2026 18:52:27 - [[32minfo[39m]: User 6a5e0f1f24f60775e2f2a183 mapped to socket c2AgcansvbpdMYe6AAAB
